// Jest Snapshot v1, https://goo.gl/fbAQLP

exports[`card snapshot test 1`] = `ShallowWrapper {}`;
