// Jest Snapshot v1, https://goo.gl/fbAQLP

exports[`CounterButton smart component expect to render CounterButton component 1`] = `ShallowWrapper {}`;
