// Jest Snapshot v1, https://goo.gl/fbAQLP

exports[`ErrorBoundry smart component expect to render ErrorBoundry component 1`] = `ShallowWrapper {}`;
