// Jest Snapshot v1, https://goo.gl/fbAQLP

exports[`MainPage smart component expect to render MainPage component 1`] = `ShallowWrapper {}`;
